[10web-site.ai/49/nice-malamute/index.html]
[backblue.gif]
[fade.gif]
[index.html]
[10web-site.ai/49/wp-content/plugins/ai-builder-demo-plugin/assets/images/share_banner.png]
[10web-site.ai/49/wp-content/plugins/tenweb-builder/includes/PreviewUpgrade/assets/style/preview_upgrade876f.css]
[10web-site.ai/49/wp-includes/css/dist/block-library/style.minae48.css]
[10web-site.ai/49/wp-includes/css/classic-themes.minae48.css]
[embed.typeform.com/next/css/popoverae48.css]
[10web-site.ai/49/wp-content/plugins/ai-builder-demo-plugin/assets/css/main5bf7.css]
[10web-site.ai/49/wp-content/themes/tenweb-website-builder-theme/assets/css/styles.min431f.css]
[10web-site.ai/49/wp-content/plugins/elementor/assets/lib/eicons/css/elementor-icons.min3b94.css]
[10web-site.ai/49/wp-content/plugins/elementor/assets/css/frontend-legacy.minfb6f.css]
[10web-site.ai/49/wp-content/plugins/elementor/assets/css/frontend.minfb6f.css]
[10web-site.ai/49/wp-content/plugins/elementor/assets/lib/swiper/v8/css/swiper.min94a4.css]
[10web-site.ai/49/wp-content/uploads/sites/52/elementor/css/post-9277b716.css]
[10web-site.ai/49/wp-content/plugins/tenweb-builder/assets/frontend/css/frontend876f.css]
[10web-site.ai/49/wp-content/plugins/tenweb-builder/assets/frontend/css/global_frontend876f.css]
[10web-site.ai/49/wp-content/plugins/tenweb-builder/pro-features/assets/css/frontend876f.css]
[10web-site.ai/49/wp-content/uploads/sites/52/elementor/css/global284a.css]
[10web-site.ai/49/wp-content/uploads/sites/52/elementor/css/post-9257b716.css]
[10web-site.ai/49/wp-content/plugins/elementor/assets/lib/font-awesome/css/fontawesome.min52d5.css]
[10web-site.ai/49/wp-content/plugins/elementor/assets/lib/font-awesome/css/solid.min52d5.css]
[10web-site.ai/49/wp-includes/js/jquery/jquery.mina767.js]
[10web-site.ai/49/wp-includes/js/jquery/jquery-migrate.min6b00.js]
[10web-site.ai/49/wp-content/plugins/tenweb-builder/includes/PreviewUpgrade/assets/script/preview_upgrade876f.js]
[10web-site.ai/49/wp-content/plugins/ai-builder-demo-plugin/assets/js/main5bf7.js]
[10web-site.ai/49/wp-content/plugins/ai-builder-demo-plugin/assets/js/device5bf7.js]
[embed.typeform.com/next/embedae48.js]
[10web-site.ai/49/wp-content/themes/tenweb-website-builder-theme/assets/js/scripts.min431f.js]
[10web-site.ai/49/wp-content/uploads/sites/52/elementor/css/post-9276b716.css]
[10web-site.ai/49/wp-content/uploads/sites/52/elementor/css/post-9275cda9.css]
[10web-site.ai/49/nice-malamute/services/index.html]
[10web-site.ai/49/nice-malamute/contact/index.html]
[10web-site.ai/49/wp-content/plugins/elementor/assets/lib/animations/animations.minfb6f.css]
[10web-site.ai/49/wp-content/plugins/elementor/assets/lib/font-awesome/css/brands.min52d5.css]
[10web-site.ai/49/nice-malamute/about/index.html]
[10web-site.ai/49/wp-content/plugins/tenweb-builder/pro-features/assets/js/webpack-pro.runtime876f.js]
[10web-site.ai/49/wp-content/plugins/elementor/assets/js/webpack.runtime.minfb6f.js]
[10web-site.ai/49/nice-malamute/real-time-emergency-response-enhances-transport-services/index.html]
[10web-site.ai/49/wp-content/plugins/elementor/assets/js/frontend-modules.minfb6f.js]
[10web-site.ai/49/wp-content/plugins/tenweb-builder/pro-features/assets/js/frontend876f.js]
[10web-site.ai/49/wp-content/plugins/elementor/assets/lib/waypoints/waypoints.min05da.js]
[10web-site.ai/49/wp-includes/js/jquery/ui/core.min3f14.js]
[10web-site.ai/49/wp-content/plugins/elementor/assets/lib/swiper/v8/swiper.min94a4.js]
[10web-site.ai/49/wp-content/plugins/elementor/assets/lib/share-link/share-link.minfb6f.js]
[10web-site.ai/49/wp-content/plugins/elementor/assets/lib/dialog/dialog.mind227.js]
[10web-site.ai/49/wp-content/plugins/elementor/assets/js/frontend.minfb6f.js]
[10web-site.ai/49/wp-content/plugins/tenweb-builder/pro-features/assets/js/preloaded-elements-handlers876f.js]
[10web-site.ai/49/wp-content/plugins/elementor/assets/js/preloaded-modules.minfb6f.js]
[10web-site.ai/49/wp-includes/js/underscore.mind584.js]
[10web-site.ai/49/wp-includes/js/imagesloaded.mineda1.js]
[10web-site.ai/49/wp-includes/js/masonry.min3a05.js]
[10web-site.ai/49/nice-malamute/index.html]
[www.googletagmanager.com/gtm5445.html]
[10web-site.ai/49/wp-content/plugins/tenweb-builder/includes/PreviewUpgrade/assets/style/preview_upgrade876f.css]
[10web-site.ai/49/wp-includes/css/dist/block-library/style.minae48.css]
[10web-site.ai/49/wp-includes/css/classic-themes.minae48.css]
[embed.typeform.com/next/css/popoverae48.css]
[10web-site.ai/49/wp-content/plugins/tenweb-builder/assets/frontend/js/frontend.min876f.js]
[10web-site.ai/49/wp-content/plugins/ai-builder-demo-plugin/assets/images/topbar_left_bg.png]
[10web-site.ai/49/wp-content/plugins/ai-builder-demo-plugin/assets/images/topbar_right_bg.png]
[10web-site.ai/49/wp-content/plugins/ai-builder-demo-plugin/assets/images/banner.jpg]
[10web-site.ai/49/wp-content/plugins/ai-builder-demo-plugin/assets/css/main5bf7.css]
[10web-site.ai/49/wp-content/themes/tenweb-website-builder-theme/assets/css/images/home_banner.png]
[10web-site.ai/49/wp-content/themes/tenweb-website-builder-theme/assets/css/styles.min431f.css]
[10web-site.ai/49/wp-content/plugins/elementor/assets/lib/eicons/css/elementor-icons.min3b94.css]
[10web-site.ai/49/wp-content/plugins/elementor/assets/css/frontend-legacy.minfb6f.css]
[10web-site.ai/49/wp-content/plugins/elementor/assets/css/frontend.minfb6f.css]
[10web-site.ai/49/wp-content/plugins/elementor/assets/lib/swiper/v8/css/swiper.min94a4.css]
[10web-site.ai/49/wp-content/uploads/sites/52/elementor/css/post-9277b716.css]
[10web-site.ai/49/wp-content/plugins/tenweb-builder/assets/frontend/css/frontend876f.css]
[10web-site.ai/49/wp-content/plugins/tenweb-builder/assets/frontend/css/global_frontend876f.css]
[10web-site.ai/49/wp-content/plugins/tenweb-builder/pro-features/assets/css/frontend876f.css]
[10web-site.ai/49/wp-content/uploads/sites/52/elementor/css/global284a.css]
[10web-site.ai/49/wp-content/uploads/sites/52/elementor/css/post-9257b716.css]
[10web-site.ai/49/wp-content/plugins/elementor/assets/lib/font-awesome/css/fontawesome.min52d5.css]
[10web-site.ai/49/wp-content/plugins/elementor/assets/lib/font-awesome/css/solid.min52d5.css]
[10web-site.ai/49/wp-content/themes/tenweb-website-builder-theme/assets/css/images/search.svg]
[10web-site.ai/49/nice-malamute/popover.css]
[10web-site.ai/49/nice-malamute/popup.css]
[10web-site.ai/49/nice-malamute/sidetab.css]
[10web-site.ai/49/nice-malamute/slider.css]
[10web-site.ai/49/nice-malamute/widget.css]
[10web-site.ai/49/nice-malamute/e/index.html]
[10web-site.ai/49/nice-malamute/window.location.href]
[embed.typeform.com/next/embedae48.js]
[10web-site.ai/49/nice-malamute/services/index.html]
[10web-site.ai/49/wp-content/uploads/sites/52/elementor/css/post-9265c58b.css]
[10web-site.ai/49/nice-malamute/ai-diagnosis-accurate-medical-insights/index.html]
[10web-site.ai/49/nice-malamute/about/index.html]
[10web-site.ai/49/wp-content/uploads/sites/52/elementor/css/post-92648706.css]
[10web-site.ai/49/nice-malamute/contact/index.html]
[10web-site.ai/49/nice-malamute/ai-powered-healthcare-improves-patient-outcomes/index.html]
[10web-site.ai/49/wp-content/uploads/sites/52/elementor/css/post-9263f3d6.css]
[10web-site.ai/49/nice-malamute/instant-emergency-response-system/index.html]
[10web-site.ai/49/wp-content/uploads/sites/52/elementor/css/post-92727083.css]
[10web-site.ai/49/nice-malamute/real-time-emergency-response-enhances-transport-services/index.html]
[10web-site.ai/49/wp-content/uploads/sites/52/elementor/css/post-9276b716.css]
[10web-site.ai/49/wp-content/uploads/sites/52/elementor/css/post-9275cda9.css]
[10web-site.ai/49/wp-content/plugins/elementor/assets/lib/animations/animations.minfb6f.css]
[10web-site.ai/49/wp-content/plugins/elementor/assets/lib/font-awesome/css/brands.min52d5.css]
[10web-site.ai/49/wp-content/themes/tenweb-website-builder-theme/assets/css/images/search.svg]
[10web-site.ai/49/nice-malamute/popover.html]
[10web-site.ai/49/nice-malamute/popup.html]
[10web-site.ai/49/nice-malamute/sidetab.html]
[10web-site.ai/49/nice-malamute/slider.html]
[10web-site.ai/49/nice-malamute/widget.html]
[10web-site.ai/49/nice-malamute/e/index.html]
[10web-site.ai/49/nice-malamute/window.location.html]
[10web-site.ai/49/wp-content/uploads/sites/52/elementor/css/post-9265c58b.css]
[10web-site.ai/49/wp-content/plugins/elementor/assets/lib/font-awesome/css/regular.min52d5.css]
[10web-site.ai/49/nice-malamute/ai-diagnosis-accurate-medical-insights/index.html]
[10web-site.ai/49/nice-malamute/instant-emergency-response-system/index.html]
[10web-site.ai/49/nice-malamute/custom-health-analytics-solutions/index.html]
[10web-site.ai/49/nice-malamute/real-time-telemedicine-for-improved-health/index.html]
[10web-site.ai/49/wp-content/uploads/sites/52/elementor/css/post-92648706.css]
[10web-site.ai/49/wp-content/uploads/sites/52/elementor/css/post-9263f3d6.css]
[10web-site.ai/49/wp-content/uploads/sites/52/elementor/css/post-92727083.css]
[10web-site.ai/49/wp-content/plugins/elementor/assets/lib/font-awesome/css/regular.min52d5.css]
[10web-site.ai/49/wp-content/uploads/sites/52/elementor/css/post-92744155.css]
[10web-site.ai/49/wp-content/uploads/sites/52/elementor/css/post-92744155.css]
